zig : install
At line:1 char:1
+ zig build --summary none 2> build_errors.txt; cat build_errors.txt
+ ~~~~~~~~~~~~~~~~~~~~~~~~~~~~~~~~~~~~~~~~~~~~
    + CategoryInfo          : NotSpecified: (install:String) [], RemoteException
    + FullyQualifiedErrorId : NativeCommandError
 
+- install ohl_trainer
   +- compile exe ohl_trainer Debug native 1 errors
src\vsa_vulkan.zig:92:25: error: root source file struct 'std' has no member named 'sync'
    dispatch_mutex: std.sync.Mutex = .{},
                        ^~~~
C:\zig\lib\std\std.zig:1:1: note: struct declared here
pub const ArrayHashMap = array_hash_map.ArrayHashMap;
^~~
referenced by:
    init: src\vsa_vulkan.zig:1201:39
    main_wrapped: src\trainer.zig:342:45
    5 reference(s) hidden; use '-freference-trace=7' to see all references
error: 1 compilation errors
failed command: "C:\\zig\\zig.exe" build-exe -ODebug -I "C:\\VulkanSDK\\1.4.341.1\\Include" --dep ghost_core 
"-Mroot=C:\\ghost_engine\\src\\trainer.zig" -I "C:\\VulkanSDK\\1.4.341.1\\Include" --dep build_options 
"-Mghost_core=C:\\ghost_engine\\src\\ghost.zig" 
"-Mbuild_options=.zig-cache\\c\\73f9118d90c0c24897d208aad715255f\\options.zig" -lc --cache-dir .zig-cache 
--global-cache-dir "C:\\Users\\micah\\AppData\\Local\\zig" --name ohl_trainer --zig-lib-dir "C:\\zig\\lib\\" --listen=-

install
+- install ghost_sovereign
   +- compile exe ghost_sovereign Debug native 3 errors
src\main.zig:119:47: error: expected 3 argument(s), found 2
    var state_queue = try core.sync.StateQueue.init(allocator, 1024);
                          ~~~~~~~~~~~~~~~~~~~~^~~~~
src\sync.zig:25:9: note: function declared here
    pub fn init(allocator: std.mem.Allocator, requested_cap: usize, io: std.Io) !StateQueue {
    ~~~~^~~~~~~~~~~~~~~~~~~~~~~~~~~~~~~~~~~~~~~~~~~~~~~~~~~~~~~~~~~~~~~~~~~~~~~~~~~~~~~~~~~
referenced by:
    main: src\main.zig:270:17
    callMain [inlined]: C:\zig\lib\std\start.zig:724:30
    main: C:\zig\lib\std\start.zig:657:28
    2 reference(s) hidden; use '-freference-trace=5' to see all references
src\sync.zig:22:28: error: missing struct field: state
    mutex: std.Io.Mutex = .{},
                          ~^~
C:\zig\lib\std\Io.zig:1580:26: note: struct declared here
pub const Mutex = extern struct {
                  ~~~~~~~^~~~~~
src\vsa_vulkan.zig:92:25: error: root source file struct 'std' has no member named 'sync'
    dispatch_mutex: std.sync.Mutex = .{},
                        ^~~~
C:\zig\lib\std\std.zig:1:1: note: struct declared here
pub const ArrayHashMap = array_hash_map.ArrayHashMap;
^~~
error: 3 compilation errors
failed command: "C:\\zig\\zig.exe" build-exe -ODebug -I "C:\\VulkanSDK\\1.4.341.1\\Include" --dep ghost_core 
"-Mroot=C:\\ghost_engine\\src\\main.zig" -I "C:\\VulkanSDK\\1.4.341.1\\Include" --dep build_options 
"-Mghost_core=C:\\ghost_engine\\src\\ghost.zig" 
"-Mbuild_options=.zig-cache\\c\\73f9118d90c0c24897d208aad715255f\\options.zig" -lc --cache-dir .zig-cache 
--global-cache-dir "C:\\Users\\micah\\AppData\\Local\\zig" --name ghost_sovereign --zig-lib-dir "C:\\zig\\lib\\" 
--listen=-

install
+- install ghost_shell
   +- compile exe ghost_shell Debug native 1 errors
src\vsa_vulkan.zig:92:25: error: root source file struct 'std' has no member named 'sync'
    dispatch_mutex: std.sync.Mutex = .{},
                        ^~~~
C:\zig\lib\std\std.zig:1:1: note: struct declared here
pub const ArrayHashMap = array_hash_map.ArrayHashMap;
^~~
referenced by:
    init: src\vsa_vulkan.zig:1201:39
    main: src\shell.zig:317:43
    4 reference(s) hidden; use '-freference-trace=6' to see all references
error: 1 compilation errors
failed command: "C:\\zig\\zig.exe" build-exe -lws2_32 -ODebug -I "C:\\VulkanSDK\\1.4.341.1\\Include" --dep ghost_core 
"-Mroot=C:\\ghost_engine\\src\\shell.zig" -I "C:\\VulkanSDK\\1.4.341.1\\Include" --dep build_options 
"-Mghost_core=C:\\ghost_engine\\src\\ghost.zig" 
"-Mbuild_options=.zig-cache\\c\\73f9118d90c0c24897d208aad715255f\\options.zig" -lc --cache-dir .zig-cache 
--global-cache-dir "C:\\Users\\micah\\AppData\\Local\\zig" --name ghost_shell --zig-lib-dir "C:\\zig\\lib\\" --listen=-

install
+- install probe_inference
   +- compile exe probe_inference Debug native 1 errors
src\vsa_vulkan.zig:92:25: error: root source file struct 'std' has no member named 'sync'
    dispatch_mutex: std.sync.Mutex = .{},
                        ^~~~
C:\zig\lib\std\std.zig:1:1: note: struct declared here
pub const ArrayHashMap = array_hash_map.ArrayHashMap;
^~~
referenced by:
    main: src\probe_inference.zig:50:35
    callMain [inlined]: C:\zig\lib\std\start.zig:724:30
    main: C:\zig\lib\std\start.zig:657:28
    2 reference(s) hidden; use '-freference-trace=5' to see all references
error: 1 compilation errors
failed command: "C:\\zig\\zig.exe" build-exe -ODebug -I "C:\\VulkanSDK\\1.4.341.1\\Include" --dep ghost_core 
"-Mroot=C:\\ghost_engine\\src\\probe_inference.zig" -I "C:\\VulkanSDK\\1.4.341.1\\Include" --dep build_options 
"-Mghost_core=C:\\ghost_engine\\src\\ghost.zig" 
"-Mbuild_options=.zig-cache\\c\\73f9118d90c0c24897d208aad715255f\\options.zig" -lc --cache-dir .zig-cache 
--global-cache-dir "C:\\Users\\micah\\AppData\\Local\\zig" --name probe_inference --zig-lib-dir "C:\\zig\\lib\\" 
--listen=-

error: the following build command failed with exit code 1:
.zig-cache\o\f4f1b1cd3ea11524d364033aca1274c6\build.exe C:\zig\zig.exe C:\zig\lib C:\ghost_engine .zig-cache 
C:\Users\micah\AppData\Local\zig --seed 0xa0392ab4 -Z88eb00ad005d473f --summary none
