
### COGNITIVE ATOM: sovereign-logic <-> dark-space
Novelty: 0.49 | Medic: ~dark-space~ | Confidence: 130/1000
Status: [VERIFIED SOVEREIGN LOGIC]

> **Neural Decode**: unlabeled_memory unlabeled_memory unlabeled_memory unlabeled_memory unlabeled_memory unlabeled_memory unlabeled_memory unlabeled_memory unlabeled_memory unlabeled_memory unlabeled_memory unlabeled_memory unlabeled_memory unlabeled_memory unlabeled_memory unlabeled_memory unlabeled_memory unlabeled_memory unlabeled_memory unlabeled_memory unlabeled_memory unlabeled_memory unlabeled_memory unlabeled_memory unlabeled_memory

#### Alien Source:
```zig
// --- SOVEREIGN COGNITIVE ATOM: ALGEBRAIC SYNTHESIS ---
// Purged: Vectors, Floats, Tensors, Weights.
// Active: Resonance Patterns, Intensity Gradients, Sigil Paths.

const std = @import("std");

pub const ResonancePattern = [16]u64; // Discrete Bit-Lattice
pub const IntensityGradient = u128;   // High-Fidelity Energy Gradient
pub const SigilPath = usize;         // Discrete Logical Intersection

pub const SynthesisMetadata = struct {
    pub const domain_primary = "sovereign-logic";
    pub const domain_secondary = "dark-space";
    pub const entropy_offset: u16 = 490;
};

pub const Atom_C03C_CEAF = struct {
    sigil_E93_field_0: ResonancePattern,
    sigil_D62_field_1: SigilPath,
    sigil_A80_field_2: IntensityGradient,
    sigil_544_field_3: SigilPath,
    sigil_ACC_field_4: IntensityGradient,
    sigil_5DC_field_5: ResonancePattern,
    sigil_BFC_field_6: ResonancePattern,
    sigil_7BC_field_7: ResonancePattern,
    sigil_F3C_field_8: ResonancePattern,
    sigil_E3C_field_9: SigilPath,
    sigil_C3C_field_10: IntensityGradient,

    pub fn resolveResonance(self: *@This()) IntensityGradient {
        _ = self;
        return 0;
    }
};

test "sovereign verification: Atom_C03C_CEAF" {
    var atom = std.mem.zeroes(Atom_C03C_CEAF);
    try std.testing.expect(atom.resolveResonance() == 0);
}
```
---
